
Allocating common symbols
Common symbol       size              file

io                  0x10              io.o

Memory Configuration

Name             Origin             Length             Attributes
IO               0x0000000080000000 0x0000000000000010 rw !x
MEM              0x0000000000000000 0x0000000000009990 xrw
*default*        0x0000000000000000 0xffffffffffffffff

Linker script and memory map


.io             0x0000000080000000       0x10
 io.o(COMMON)
 COMMON         0x0000000080000000       0x10 io.o
                0x0000000080000000                io

.text           0x0000000000000000      0xd7c
 boot.o(.text)
 .text          0x0000000000000000       0x98 boot.o
                0x0000000000000000                boot
 io.o(.text)
 .text          0x0000000000000098       0xd0 io.o
                0x0000000000000098                board_name
 stdio.o(.text)
 .text          0x0000000000000168      0x740 stdio.o
                0x0000000000000168                getchar
                0x0000000000000188                putchar
                0x00000000000001c8                gets
                0x0000000000000290                putstr
                0x00000000000002d0                puts
                0x00000000000002ec                putdx
                0x00000000000003e4                putx
                0x00000000000003ec                putd
                0x00000000000003f4                printf
                0x00000000000004f0                strncmp
                0x0000000000000524                strcmp
                0x000000000000052c                strlen
                0x000000000000054c                memcpy
                0x0000000000000570                memset
                0x000000000000058c                strtok
                0x000000000000062c                atoi
                0x0000000000000680                xtoi
                0x00000000000006c0                mac
                0x00000000000006c8                __umulsi3
                0x00000000000006fc                __mulsi3
                0x000000000000074c                __udiv_umod_si3
                0x00000000000007a0                __udivsi3
                0x00000000000007a8                __umodsi3
                0x00000000000007b0                __div_mod_si3
                0x0000000000000834                __divsi3
                0x000000000000083c                __modsi3
                0x0000000000000844                usleep
 banner.o(.text)
 .text          0x00000000000008a8       0x70 banner.o
                0x00000000000008a8                banner
 main.o(.text)
 .text          0x0000000000000918       0x24 main.o
                0x0000000000000918                success
                0x0000000000000924                failure
                0x0000000000000930                OK
 tests/start.o(.text)
 .text          0x000000000000093c       0xb8 tests/start.o
                0x0000000000000940                start
                0x00000000000009c4                lui_ret
                0x00000000000009cc                auipc_ret
                0x00000000000009d4                j_ret
                0x00000000000009dc                jal_ret
 *(.text)
 *fill*         0x00000000000009f4        0x4 
 .text          0x00000000000009f8       0xe0 tests/RV32I/auipc.o
                0x00000000000009f8                auipc
 .text          0x0000000000000ad8       0xcc tests/RV32I/j.o
                0x0000000000000ad8                j
 .text          0x0000000000000ba4       0xf0 tests/RV32I/lui.o
                0x0000000000000ba4                lui
 .text          0x0000000000000c94       0xe8 tests/RV32I/jal.o
                0x0000000000000c94                jal

.text.startup   0x0000000000000d7c      0x19c
 .text.startup  0x0000000000000d7c      0x19c main.o
                0x0000000000000d7c                main

.data           0x0000000000000f18      0x390
 *(.sbss)
 .sbss          0x0000000000000f18        0x8 io.o
                0x0000000000000f18                utimers
                0x0000000000000f1c                threads
 .sbss          0x0000000000000f20        0x4 stdio.o
 *(.rodata*)
 .rodata.str1.4
                0x0000000000000f24       0xe0 io.o
 .rodata.str1.4
                0x0000000000001004       0x21 boot.o
 *fill*         0x0000000000001025        0x3 
 .rodata.str1.4
                0x0000000000001028       0x19 stdio.o
 *fill*         0x0000000000001041        0x3 
 .rodata        0x0000000000001044       0x40 stdio.o
 .rodata.str1.4
                0x0000000000001084      0x10d banner.o
 *fill*         0x0000000000001191        0x3 
 .rodata.str1.4
                0x0000000000001194      0x112 main.o
                                        0x116 (size before relaxing)
 *(.data)
 .data          0x00000000000012a6        0x0 io.o
 .data          0x00000000000012a6        0x0 boot.o
 .data          0x00000000000012a6        0x0 stdio.o
 .data          0x00000000000012a6        0x0 banner.o
 .data          0x00000000000012a6        0x0 main.o
 .data          0x00000000000012a6        0x0 tests/start.o
 *fill*         0x00000000000012a6        0x2 
 .data          0x00000000000012a8        0x0 tests/RV32I/auipc.o
 .data          0x00000000000012a8        0x0 tests/RV32I/j.o
 .data          0x00000000000012a8        0x0 tests/RV32I/lui.o
 .data          0x00000000000012a8        0x0 tests/RV32I/jal.o
 *(.bss)
 .bss           0x00000000000012a8        0x0 io.o
 .bss           0x00000000000012a8        0x0 boot.o
 .bss           0x00000000000012a8        0x0 stdio.o
 .bss           0x00000000000012a8        0x0 banner.o
 .bss           0x00000000000012a8        0x0 main.o
 .bss           0x00000000000012a8        0x0 tests/start.o
 .bss           0x00000000000012a8        0x0 tests/RV32I/auipc.o
 .bss           0x00000000000012a8        0x0 tests/RV32I/j.o
 .bss           0x00000000000012a8        0x0 tests/RV32I/lui.o
 .bss           0x00000000000012a8        0x0 tests/RV32I/jal.o
 *(.rela*)
 .rela.text     0x00000000000012a8        0x0 io.o
 .rela.text.startup
                0x00000000000012a8        0x0 io.o
 *(COMMON)
LOAD boot.o
LOAD stdio.o
LOAD main.o
LOAD io.o
LOAD banner.o
LOAD tests/start.o
LOAD tests/RV32I/auipc.o
LOAD tests/RV32I/j.o
LOAD tests/RV32I/lui.o
LOAD tests/RV32I/jal.o
OUTPUT(darksocv.o elf32-littleriscv)

.comment        0x0000000000000000       0x12
 .comment       0x0000000000000000       0x12 io.o
                                         0x13 (size before relaxing)
 .comment       0x0000000000000012       0x13 boot.o
 .comment       0x0000000000000012       0x13 stdio.o
 .comment       0x0000000000000012       0x13 banner.o
 .comment       0x0000000000000012       0x13 main.o

.riscv.attributes
                0x0000000000000000       0x1c
 .riscv.attributes
                0x0000000000000000       0x1c io.o
 .riscv.attributes
                0x000000000000001c       0x1c boot.o
 .riscv.attributes
                0x0000000000000038       0x1c stdio.o
 .riscv.attributes
                0x0000000000000054       0x1c banner.o
 .riscv.attributes
                0x0000000000000070       0x1c main.o
 .riscv.attributes
                0x000000000000008c       0x1a tests/start.o
 .riscv.attributes
                0x00000000000000a6       0x1a tests/RV32I/auipc.o
 .riscv.attributes
                0x00000000000000c0       0x1a tests/RV32I/j.o
 .riscv.attributes
                0x00000000000000da       0x1a tests/RV32I/lui.o
 .riscv.attributes
                0x00000000000000f4       0x1a tests/RV32I/jal.o
