
Allocating common symbols
Common symbol       size              file

io                  0x10              io.o

Memory Configuration

Name             Origin             Length             Attributes
IO               0x0000000080000000 0x0000000000000010 rw !x
MEM              0x0000000000000000 0x0000000000002000 xrw
*default*        0x0000000000000000 0xffffffffffffffff

Linker script and memory map


.io             0x0000000080000000       0x10
 io.o(COMMON)
 COMMON         0x0000000080000000       0x10 io.o
                0x0000000080000000                io

.text           0x0000000000000000      0x8f0
 boot.o(.text)
 .text          0x0000000000000000       0xa0 boot.o
                0x0000000000000000                boot
 *(.text)
 .text          0x00000000000000a0       0xd0 io.o
                0x00000000000000a0                board_name
 .text          0x0000000000000170      0x70c stdio.o
                0x0000000000000170                getchar
                0x000000000000018c                putchar
                0x00000000000001cc                gets
                0x0000000000000284                putstr
                0x00000000000002c4                puts
                0x00000000000002e0                putdx
                0x00000000000003d8                putx
                0x00000000000003e0                putd
                0x00000000000003e8                printf
                0x00000000000004bc                strncmp
                0x00000000000004f0                strcmp
                0x00000000000004f8                strlen
                0x000000000000051c                memcpy
                0x0000000000000540                memset
                0x000000000000055c                strtok
                0x00000000000005fc                atoi
                0x0000000000000650                xtoi
                0x0000000000000690                mac
                0x0000000000000698                __umulsi3
                0x00000000000006cc                __mulsi3
                0x0000000000000724                __udiv_umod_si3
                0x0000000000000774                __udivsi3
                0x000000000000077c                __umodsi3
                0x0000000000000784                __div_mod_si3
                0x0000000000000808                __divsi3
                0x0000000000000810                __modsi3
                0x0000000000000818                usleep
 .text          0x000000000000087c        0x0 main.o
 .text          0x000000000000087c       0x74 banner.o
                0x000000000000087c                banner

.text.startup   0x00000000000008f0      0x55c
 .text.startup  0x00000000000008f0      0x55c main.o
                0x00000000000008f0                main

.data           0x0000000000000e4c      0x54d
 *(.sbss)
 .sbss          0x0000000000000e4c        0x8 io.o
                0x0000000000000e4c                utimers
                0x0000000000000e50                threads
 .sbss          0x0000000000000e54        0x4 stdio.o
 *(.rodata*)
 .rodata.str1.4
                0x0000000000000e58       0xe0 io.o
 .rodata.str1.4
                0x0000000000000f38       0x21 boot.o
 *fill*         0x0000000000000f59        0x3 
 .rodata        0x0000000000000f5c       0x40 stdio.o
 .rodata.str1.4
                0x0000000000000f9c       0x19 stdio.o
 *fill*         0x0000000000000fb5        0x3 
 .rodata.str1.4
                0x0000000000000fb8      0x2d3 main.o
                                        0x2d7 (size before relaxing)
 *fill*         0x000000000000128b        0x1 
 .rodata.str1.4
                0x000000000000128c      0x10d banner.o
 *(.data)
 .data          0x0000000000001399        0x0 io.o
 .data          0x0000000000001399        0x0 boot.o
 .data          0x0000000000001399        0x0 stdio.o
 .data          0x0000000000001399        0x0 main.o
 .data          0x0000000000001399        0x0 banner.o
 *(.bss)
 .bss           0x0000000000001399        0x0 io.o
 .bss           0x0000000000001399        0x0 boot.o
 .bss           0x0000000000001399        0x0 stdio.o
 .bss           0x0000000000001399        0x0 main.o
 .bss           0x0000000000001399        0x0 banner.o
 *(.rela*)
 .rela.text     0x0000000000001399        0x0 io.o
 .rela.text.startup
                0x0000000000001399        0x0 io.o
 *(COMMON)
LOAD boot.o
LOAD stdio.o
LOAD main.o
LOAD io.o
LOAD banner.o
OUTPUT(darksocv.o elf32-littleriscv)

.comment        0x0000000000000000       0x3b
 .comment       0x0000000000000000       0x29 io.o
                                         0x2a (size before relaxing)
 .comment       0x0000000000000029       0x2a boot.o
 .comment       0x0000000000000029       0x2a stdio.o
 .comment       0x0000000000000029       0x12 main.o
                                         0x13 (size before relaxing)
 .comment       0x000000000000003b       0x2a banner.o

.riscv.attributes
                0x0000000000000000       0x1c
 .riscv.attributes
                0x0000000000000000       0x1a io.o
 .riscv.attributes
                0x000000000000001a       0x1a boot.o
 .riscv.attributes
                0x0000000000000034       0x1a stdio.o
 .riscv.attributes
                0x000000000000004e       0x1c main.o
 .riscv.attributes
                0x000000000000006a       0x1a banner.o
