
Allocating common symbols
Common symbol       size              file

io                  0x10              io.o

Memory Configuration

Name             Origin             Length             Attributes
IO               0x0000000080000000 0x0000000000000010 rw !x
MEM              0x0000000000000000 0x0000000000018000 xrw
*default*        0x0000000000000000 0xffffffffffffffff

Linker script and memory map


.io             0x0000000080000000       0x10
 io.o(COMMON)
 COMMON         0x0000000080000000       0x10 io.o
                0x0000000080000000                io

.text           0x0000000000000000      0x928
 boot.o(.text)
 .text          0x0000000000000000       0x9c boot.o
                0x0000000000000000                boot
 *(.text)
 .text          0x000000000000009c       0xd0 io.o
                0x000000000000009c                board_name
 .text          0x000000000000016c      0x740 stdio.o
                0x000000000000016c                getchar
                0x000000000000018c                putchar
                0x00000000000001cc                gets
                0x0000000000000294                putstr
                0x00000000000002d4                puts
                0x00000000000002f0                putdx
                0x00000000000003e8                putx
                0x00000000000003f0                putd
                0x00000000000003f8                printf
                0x00000000000004f4                strncmp
                0x0000000000000528                strcmp
                0x0000000000000530                strlen
                0x0000000000000550                memcpy
                0x0000000000000574                memset
                0x0000000000000590                strtok
                0x0000000000000630                atoi
                0x0000000000000684                xtoi
                0x00000000000006c4                mac
                0x00000000000006cc                __umulsi3
                0x0000000000000700                __mulsi3
                0x0000000000000750                __udiv_umod_si3
                0x00000000000007a4                __udivsi3
                0x00000000000007ac                __umodsi3
                0x00000000000007b4                __div_mod_si3
                0x0000000000000838                __divsi3
                0x0000000000000840                __modsi3
                0x0000000000000848                usleep
 .text          0x00000000000008ac        0xc main.o
                0x00000000000008ac                success
 .text          0x00000000000008b8       0x70 banner.o
                0x00000000000008b8                banner

.text.startup   0x0000000000000928      0x198
 .text.startup  0x0000000000000928      0x198 main.o
                0x0000000000000928                main

.data           0x0000000000000ac0      0x375
 *(.sbss)
 .sbss          0x0000000000000ac0        0x8 io.o
                0x0000000000000ac0                utimers
                0x0000000000000ac4                threads
 .sbss          0x0000000000000ac8        0x4 stdio.o
 *(.rodata*)
 .rodata.str1.4
                0x0000000000000acc       0xe0 io.o
 .rodata.str1.4
                0x0000000000000bac       0x21 boot.o
 *fill*         0x0000000000000bcd        0x3 
 .rodata.str1.4
                0x0000000000000bd0       0x19 stdio.o
 *fill*         0x0000000000000be9        0x3 
 .rodata        0x0000000000000bec       0x40 stdio.o
 .rodata.str1.4
                0x0000000000000c2c       0xfc main.o
                                        0x100 (size before relaxing)
 .rodata.str1.4
                0x0000000000000d28      0x10d banner.o
 *(.data)
 .data          0x0000000000000e35        0x0 io.o
 .data          0x0000000000000e35        0x0 boot.o
 .data          0x0000000000000e35        0x0 stdio.o
 .data          0x0000000000000e35        0x0 main.o
 .data          0x0000000000000e35        0x0 banner.o
 *(.bss)
 .bss           0x0000000000000e35        0x0 io.o
 .bss           0x0000000000000e35        0x0 boot.o
 .bss           0x0000000000000e35        0x0 stdio.o
 .bss           0x0000000000000e35        0x0 main.o
 .bss           0x0000000000000e35        0x0 banner.o
 *(.rela*)
 .rela.text     0x0000000000000e35        0x0 io.o
 .rela.text.startup
                0x0000000000000e35        0x0 io.o
 *(COMMON)
LOAD boot.o
LOAD stdio.o
LOAD main.o
LOAD io.o
LOAD banner.o
OUTPUT(darksocv.o elf32-littleriscv)

.comment        0x0000000000000000       0x3b
 .comment       0x0000000000000000       0x29 io.o
                                         0x2a (size before relaxing)
 .comment       0x0000000000000029       0x12 boot.o
                                         0x13 (size before relaxing)
 .comment       0x000000000000003b       0x13 stdio.o
 .comment       0x000000000000003b       0x13 main.o
 .comment       0x000000000000003b       0x13 banner.o

.riscv.attributes
                0x0000000000000000       0x1c
 .riscv.attributes
                0x0000000000000000       0x1a io.o
 .riscv.attributes
                0x000000000000001a       0x1c boot.o
 .riscv.attributes
                0x0000000000000036       0x1c stdio.o
 .riscv.attributes
                0x0000000000000052       0x1c main.o
 .riscv.attributes
                0x000000000000006e       0x1c banner.o
