
Allocating common symbols
Common symbol       size              file

io                  0x10              io.o

Memory Configuration

Name             Origin             Length             Attributes
IO               0x0000000080000000 0x0000000000000100 rw !x
MEM              0x0000000000000000 0x0000000000011990 xrw
*default*        0x0000000000000000 0xffffffffffffffff

Linker script and memory map


.io             0x0000000080000000       0x10
 io.o(COMMON)
 COMMON         0x0000000080000000       0x10 io.o
                0x0000000080000000                io

.text           0x0000000000000000     0x887c
 boot.o(.text)
 .text          0x0000000000000000       0x9c boot.o
                0x0000000000000000                boot
 io.o(.text)
 .text          0x000000000000009c       0xd0 io.o
                0x000000000000009c                board_name
 stdio.o(.text)
 .text          0x000000000000016c      0x740 stdio.o
                0x000000000000016c                getchar
                0x000000000000018c                putchar
                0x00000000000001cc                gets
                0x0000000000000294                putstr
                0x00000000000002d4                puts
                0x00000000000002f0                putdx
                0x00000000000003e8                putx
                0x00000000000003f0                putd
                0x00000000000003f8                printf
                0x00000000000004f4                strncmp
                0x0000000000000528                strcmp
                0x0000000000000530                strlen
                0x0000000000000550                memcpy
                0x0000000000000574                memset
                0x0000000000000590                strtok
                0x0000000000000630                atoi
                0x0000000000000684                xtoi
                0x00000000000006c4                mac
                0x00000000000006cc                __umulsi3
                0x0000000000000700                __mulsi3
                0x0000000000000750                __udiv_umod_si3
                0x00000000000007a4                __udivsi3
                0x00000000000007ac                __umodsi3
                0x00000000000007b4                __div_mod_si3
                0x0000000000000838                __divsi3
                0x0000000000000840                __modsi3
                0x0000000000000848                usleep
 banner.o(.text)
 .text          0x00000000000008ac       0x70 banner.o
                0x00000000000008ac                banner
 main.o(.text)
 .text          0x000000000000091c       0x24 main.o
                0x000000000000091c                success
                0x0000000000000928                failure
                0x0000000000000934                OK
 tests/start.o(.text)
 .text          0x0000000000000940      0x1bc tests/start.o
                0x0000000000000944                start
                0x00000000000009c8                lui_ret
                0x00000000000009d0                auipc_ret
                0x00000000000009d8                j_ret
                0x00000000000009e0                jal_ret
                0x00000000000009e8                jalr_ret
                0x00000000000009f0                beq_ret
                0x00000000000009f8                bne_ret
                0x0000000000000a00                blt_ret
                0x0000000000000a08                bge_ret
                0x0000000000000a10                bltu_ret
                0x0000000000000a18                bgeu_ret
                0x0000000000000a20                lb_ret
                0x0000000000000a28                lh_ret
                0x0000000000000a30                lw_ret
                0x0000000000000a38                lbu_ret
                0x0000000000000a40                lhu_ret
                0x0000000000000a48                sb_ret
                0x0000000000000a50                sh_ret
                0x0000000000000a58                sw_ret
                0x0000000000000a60                addi_ret
                0x0000000000000a68                slti_ret
                0x0000000000000a70                xori_ret
                0x0000000000000a78                ori_ret
                0x0000000000000a80                andi_ret
                0x0000000000000a88                slli_ret
                0x0000000000000a90                srli_ret
                0x0000000000000a98                srai_ret
                0x0000000000000aa0                add_ret
                0x0000000000000aa8                sub_ret
                0x0000000000000ab0                sll_ret
                0x0000000000000ab8                slt_ret
                0x0000000000000ac0                xor_ret
                0x0000000000000ac8                srl_ret
                0x0000000000000ad0                sra_ret
                0x0000000000000ad8                or_ret
                0x0000000000000ae0                and_ret
                0x0000000000000ae8                simple_ret
 *(.text)
 .text          0x0000000000000afc      0x538 tests/RV32I/or.o
                0x0000000000000afc                or
 .text          0x0000000000001034      0x534 tests/RV32I/xor.o
                0x0000000000001034                xor
 .text          0x0000000000001568      0x4ec tests/RV32I/sh.o
                0x0000000000001568                sh
 .text          0x0000000000001a54      0x534 tests/RV32I/sub.o
                0x0000000000001a54                sub
 .text          0x0000000000001f88      0x5e0 tests/RV32I/sll.o
                0x0000000000001f88                sll
 .text          0x0000000000002568      0x2c0 tests/RV32I/lb.o
                0x0000000000002568                lb
 .text          0x0000000000002828      0x2e0 tests/RV32I/lh.o
                0x0000000000002828                lh
 .text          0x0000000000002b08      0x330 tests/RV32I/srai.o
                0x0000000000002b08                srai
 .text          0x0000000000002e38      0x36c tests/RV32I/bltu.o
                0x0000000000002e38                bltu
 .text          0x00000000000031a4      0x2ec tests/RV32I/slti.o
                0x00000000000031a4                slti
 .text          0x0000000000003490      0x2fc tests/RV32I/slli.o
                0x0000000000003490                slli
 .text          0x000000000000378c      0x32c tests/RV32I/srli.o
                0x000000000000378c                srli
 .text          0x0000000000003ab8      0x4f8 tests/RV32I/sw.o
                0x0000000000003ab8                sw
 .text          0x0000000000003fb0      0x300 tests/RV32I/lw.o
                0x0000000000003fb0                lw
 .text          0x00000000000042b0      0x334 tests/RV32I/beq.o
                0x00000000000042b0                beq
 *fill*         0x00000000000045e4        0x4 
 .text          0x00000000000045e8       0xc0 tests/RV32I/auipc.o
                0x00000000000045e8                auipc
 .text          0x00000000000046a8      0x300 tests/RV32I/addi.o
                0x00000000000046a8                addi
 .text          0x00000000000049a8      0x178 tests/RV32I/jalr.o
                0x00000000000049a8                jalr
 .text          0x0000000000004b20      0x338 tests/RV32I/bne.o
                0x0000000000004b20                bne
 .text          0x0000000000004e58      0x25c tests/RV32I/xori.o
                0x0000000000004e58                xori
 .text          0x00000000000050b4      0x3cc tests/RV32I/bgeu.o
                0x00000000000050b4                bgeu
 .text          0x0000000000005480      0x630 tests/RV32I/srl.o
                0x0000000000005480                srl
 .text          0x0000000000005ab0      0x53c tests/RV32I/slt.o
                0x0000000000005ab0                slt
 .text          0x0000000000005fec      0x2c0 tests/RV32I/lbu.o
                0x0000000000005fec                lbu
 .text          0x00000000000062ac      0x2f4 tests/RV32I/lhu.o
                0x00000000000062ac                lhu
 .text          0x00000000000065a0       0xd4 tests/RV32I/lui.o
                0x00000000000065a0                lui
 .text          0x0000000000006674       0x44 tests/RV32I/simple.o
                0x0000000000006674                simple
 .text          0x00000000000066b8      0x610 tests/RV32I/sra.o
                0x00000000000066b8                sra
 .text          0x0000000000006cc8      0x52c tests/RV32I/and.o
                0x0000000000006cc8                and
 .text          0x00000000000071f4      0x250 tests/RV32I/ori.o
                0x00000000000071f4                ori
 .text          0x0000000000007444       0xcc tests/RV32I/jal.o
                0x0000000000007444                jal
 .text          0x0000000000007510      0x554 tests/RV32I/add.o
                0x0000000000007510                add
 .text          0x0000000000007a64      0x468 tests/RV32I/sb.o
                0x0000000000007a64                sb
 .text          0x0000000000007ecc      0x238 tests/RV32I/andi.o
                0x0000000000007ecc                andi
 .text          0x0000000000008104       0xb0 tests/RV32I/j.o
                0x0000000000008104                j
 .text          0x00000000000081b4      0x394 tests/RV32I/bge.o
                0x00000000000081b4                bge
 .text          0x0000000000008548      0x334 tests/RV32I/blt.o
                0x0000000000008548                blt

.text.startup   0x000000000000887c      0x19c
 .text.startup  0x000000000000887c      0x19c main.o
                0x000000000000887c                main

.data           0x0000000000008a18      0x404
 *(.sbss)
 .sbss          0x0000000000008a18        0x8 io.o
                0x0000000000008a18                utimers
                0x0000000000008a1c                threads
 .sbss          0x0000000000008a20        0x4 stdio.o
 *(.rodata*)
 .rodata.str1.4
                0x0000000000008a24       0xe0 io.o
 .rodata.str1.4
                0x0000000000008b04       0x21 boot.o
 *fill*         0x0000000000008b25        0x3 
 .rodata.str1.4
                0x0000000000008b28       0x19 stdio.o
 *fill*         0x0000000000008b41        0x3 
 .rodata        0x0000000000008b44       0x40 stdio.o
 .rodata.str1.4
                0x0000000000008b84      0x10d banner.o
 *fill*         0x0000000000008c91        0x3 
 .rodata.str1.4
                0x0000000000008c94      0x116 main.o
                                        0x11a (size before relaxing)
 *(.data)
 .data          0x0000000000008daa        0x0 io.o
 .data          0x0000000000008daa        0x0 boot.o
 .data          0x0000000000008daa        0x0 stdio.o
 .data          0x0000000000008daa        0x0 banner.o
 .data          0x0000000000008daa        0x0 main.o
 .data          0x0000000000008daa        0x0 tests/start.o
 *fill*         0x0000000000008daa        0x2 
 .data          0x0000000000008dac        0x0 tests/RV32I/or.o
 .data          0x0000000000008dac        0x0 tests/RV32I/xor.o
 .data          0x0000000000008dac       0x14 tests/RV32I/sh.o
 .data          0x0000000000008dc0        0x0 tests/RV32I/sub.o
 .data          0x0000000000008dc0        0x0 tests/RV32I/sll.o
 .data          0x0000000000008dc0        0x4 tests/RV32I/lb.o
 .data          0x0000000000008dc4        0x8 tests/RV32I/lh.o
 .data          0x0000000000008dcc        0x0 tests/RV32I/srai.o
 .data          0x0000000000008dcc        0x0 tests/RV32I/bltu.o
 .data          0x0000000000008dcc        0x0 tests/RV32I/slti.o
 .data          0x0000000000008dcc        0x0 tests/RV32I/slli.o
 .data          0x0000000000008dcc        0x0 tests/RV32I/srli.o
 .data          0x0000000000008dcc       0x28 tests/RV32I/sw.o
 .data          0x0000000000008df4       0x10 tests/RV32I/lw.o
 .data          0x0000000000008e04        0x0 tests/RV32I/beq.o
 .data          0x0000000000008e04        0x0 tests/RV32I/auipc.o
 .data          0x0000000000008e04        0x0 tests/RV32I/addi.o
 .data          0x0000000000008e04        0x0 tests/RV32I/jalr.o
 .data          0x0000000000008e04        0x0 tests/RV32I/bne.o
 .data          0x0000000000008e04        0x0 tests/RV32I/xori.o
 .data          0x0000000000008e04        0x0 tests/RV32I/bgeu.o
 .data          0x0000000000008e04        0x0 tests/RV32I/srl.o
 .data          0x0000000000008e04        0x0 tests/RV32I/slt.o
 .data          0x0000000000008e04        0x4 tests/RV32I/lbu.o
 .data          0x0000000000008e08        0x8 tests/RV32I/lhu.o
 .data          0x0000000000008e10        0x0 tests/RV32I/lui.o
 .data          0x0000000000008e10        0x0 tests/RV32I/simple.o
 .data          0x0000000000008e10        0x0 tests/RV32I/sra.o
 .data          0x0000000000008e10        0x0 tests/RV32I/and.o
 .data          0x0000000000008e10        0x0 tests/RV32I/ori.o
 .data          0x0000000000008e10        0x0 tests/RV32I/jal.o
 .data          0x0000000000008e10        0x0 tests/RV32I/add.o
 .data          0x0000000000008e10        0xa tests/RV32I/sb.o
 *fill*         0x0000000000008e1a        0x2 
 .data          0x0000000000008e1c        0x0 tests/RV32I/andi.o
 .data          0x0000000000008e1c        0x0 tests/RV32I/j.o
 .data          0x0000000000008e1c        0x0 tests/RV32I/bge.o
 .data          0x0000000000008e1c        0x0 tests/RV32I/blt.o
 *(.bss)
 .bss           0x0000000000008e1c        0x0 io.o
 .bss           0x0000000000008e1c        0x0 boot.o
 .bss           0x0000000000008e1c        0x0 stdio.o
 .bss           0x0000000000008e1c        0x0 banner.o
 .bss           0x0000000000008e1c        0x0 main.o
 .bss           0x0000000000008e1c        0x0 tests/start.o
 .bss           0x0000000000008e1c        0x0 tests/RV32I/or.o
 .bss           0x0000000000008e1c        0x0 tests/RV32I/xor.o
 .bss           0x0000000000008e1c        0x0 tests/RV32I/sh.o
 .bss           0x0000000000008e1c        0x0 tests/RV32I/sub.o
 .bss           0x0000000000008e1c        0x0 tests/RV32I/sll.o
 .bss           0x0000000000008e1c        0x0 tests/RV32I/lb.o
 .bss           0x0000000000008e1c        0x0 tests/RV32I/lh.o
 .bss           0x0000000000008e1c        0x0 tests/RV32I/srai.o
 .bss           0x0000000000008e1c        0x0 tests/RV32I/bltu.o
 .bss           0x0000000000008e1c        0x0 tests/RV32I/slti.o
 .bss           0x0000000000008e1c        0x0 tests/RV32I/slli.o
 .bss           0x0000000000008e1c        0x0 tests/RV32I/srli.o
 .bss           0x0000000000008e1c        0x0 tests/RV32I/sw.o
 .bss           0x0000000000008e1c        0x0 tests/RV32I/lw.o
 .bss           0x0000000000008e1c        0x0 tests/RV32I/beq.o
 .bss           0x0000000000008e1c        0x0 tests/RV32I/auipc.o
 .bss           0x0000000000008e1c        0x0 tests/RV32I/addi.o
 .bss           0x0000000000008e1c        0x0 tests/RV32I/jalr.o
 .bss           0x0000000000008e1c        0x0 tests/RV32I/bne.o
 .bss           0x0000000000008e1c        0x0 tests/RV32I/xori.o
 .bss           0x0000000000008e1c        0x0 tests/RV32I/bgeu.o
 .bss           0x0000000000008e1c        0x0 tests/RV32I/srl.o
 .bss           0x0000000000008e1c        0x0 tests/RV32I/slt.o
 .bss           0x0000000000008e1c        0x0 tests/RV32I/lbu.o
 .bss           0x0000000000008e1c        0x0 tests/RV32I/lhu.o
 .bss           0x0000000000008e1c        0x0 tests/RV32I/lui.o
 .bss           0x0000000000008e1c        0x0 tests/RV32I/simple.o
 .bss           0x0000000000008e1c        0x0 tests/RV32I/sra.o
 .bss           0x0000000000008e1c        0x0 tests/RV32I/and.o
 .bss           0x0000000000008e1c        0x0 tests/RV32I/ori.o
 .bss           0x0000000000008e1c        0x0 tests/RV32I/jal.o
 .bss           0x0000000000008e1c        0x0 tests/RV32I/add.o
 .bss           0x0000000000008e1c        0x0 tests/RV32I/sb.o
 .bss           0x0000000000008e1c        0x0 tests/RV32I/andi.o
 .bss           0x0000000000008e1c        0x0 tests/RV32I/j.o
 .bss           0x0000000000008e1c        0x0 tests/RV32I/bge.o
 .bss           0x0000000000008e1c        0x0 tests/RV32I/blt.o
 *(.rela*)
 .rela.text     0x0000000000008e1c        0x0 io.o
 .rela.text.startup
                0x0000000000008e1c        0x0 io.o
 *(COMMON)
LOAD boot.o
LOAD stdio.o
LOAD main.o
LOAD io.o
LOAD banner.o
LOAD tests/start.o
LOAD tests/RV32I/or.o
LOAD tests/RV32I/xor.o
LOAD tests/RV32I/sh.o
LOAD tests/RV32I/sub.o
LOAD tests/RV32I/sll.o
LOAD tests/RV32I/lb.o
LOAD tests/RV32I/lh.o
LOAD tests/RV32I/srai.o
LOAD tests/RV32I/bltu.o
LOAD tests/RV32I/slti.o
LOAD tests/RV32I/slli.o
LOAD tests/RV32I/srli.o
LOAD tests/RV32I/sw.o
LOAD tests/RV32I/lw.o
LOAD tests/RV32I/beq.o
LOAD tests/RV32I/auipc.o
LOAD tests/RV32I/addi.o
LOAD tests/RV32I/jalr.o
LOAD tests/RV32I/bne.o
LOAD tests/RV32I/xori.o
LOAD tests/RV32I/bgeu.o
LOAD tests/RV32I/srl.o
LOAD tests/RV32I/slt.o
LOAD tests/RV32I/lbu.o
LOAD tests/RV32I/lhu.o
LOAD tests/RV32I/lui.o
LOAD tests/RV32I/simple.o
LOAD tests/RV32I/sra.o
LOAD tests/RV32I/and.o
LOAD tests/RV32I/ori.o
LOAD tests/RV32I/jal.o
LOAD tests/RV32I/add.o
LOAD tests/RV32I/sb.o
LOAD tests/RV32I/andi.o
LOAD tests/RV32I/j.o
LOAD tests/RV32I/bge.o
LOAD tests/RV32I/blt.o
OUTPUT(darksocv.o elf32-littleriscv)

.comment        0x0000000000000000       0x12
 .comment       0x0000000000000000       0x12 io.o
                                         0x13 (size before relaxing)
 .comment       0x0000000000000012       0x13 boot.o
 .comment       0x0000000000000012       0x13 stdio.o
 .comment       0x0000000000000012       0x13 banner.o
 .comment       0x0000000000000012       0x13 main.o

.riscv.attributes
                0x0000000000000000       0x1c
 .riscv.attributes
                0x0000000000000000       0x1c io.o
 .riscv.attributes
                0x000000000000001c       0x1c boot.o
 .riscv.attributes
                0x0000000000000038       0x1c stdio.o
 .riscv.attributes
                0x0000000000000054       0x1c banner.o
 .riscv.attributes
                0x0000000000000070       0x1c main.o
 .riscv.attributes
                0x000000000000008c       0x1a tests/start.o
 .riscv.attributes
                0x00000000000000a6       0x1a tests/RV32I/or.o
 .riscv.attributes
                0x00000000000000c0       0x1a tests/RV32I/xor.o
 .riscv.attributes
                0x00000000000000da       0x1a tests/RV32I/sh.o
 .riscv.attributes
                0x00000000000000f4       0x1a tests/RV32I/sub.o
 .riscv.attributes
                0x000000000000010e       0x1a tests/RV32I/sll.o
 .riscv.attributes
                0x0000000000000128       0x1a tests/RV32I/lb.o
 .riscv.attributes
                0x0000000000000142       0x1a tests/RV32I/lh.o
 .riscv.attributes
                0x000000000000015c       0x1a tests/RV32I/srai.o
 .riscv.attributes
                0x0000000000000176       0x1a tests/RV32I/bltu.o
 .riscv.attributes
                0x0000000000000190       0x1a tests/RV32I/slti.o
 .riscv.attributes
                0x00000000000001aa       0x1a tests/RV32I/slli.o
 .riscv.attributes
                0x00000000000001c4       0x1a tests/RV32I/srli.o
 .riscv.attributes
                0x00000000000001de       0x1a tests/RV32I/sw.o
 .riscv.attributes
                0x00000000000001f8       0x1a tests/RV32I/lw.o
 .riscv.attributes
                0x0000000000000212       0x1a tests/RV32I/beq.o
 .riscv.attributes
                0x000000000000022c       0x1a tests/RV32I/auipc.o
 .riscv.attributes
                0x0000000000000246       0x1a tests/RV32I/addi.o
 .riscv.attributes
                0x0000000000000260       0x1a tests/RV32I/jalr.o
 .riscv.attributes
                0x000000000000027a       0x1a tests/RV32I/bne.o
 .riscv.attributes
                0x0000000000000294       0x1a tests/RV32I/xori.o
 .riscv.attributes
                0x00000000000002ae       0x1a tests/RV32I/bgeu.o
 .riscv.attributes
                0x00000000000002c8       0x1a tests/RV32I/srl.o
 .riscv.attributes
                0x00000000000002e2       0x1a tests/RV32I/slt.o
 .riscv.attributes
                0x00000000000002fc       0x1a tests/RV32I/lbu.o
 .riscv.attributes
                0x0000000000000316       0x1a tests/RV32I/lhu.o
 .riscv.attributes
                0x0000000000000330       0x1a tests/RV32I/lui.o
 .riscv.attributes
                0x000000000000034a       0x1a tests/RV32I/simple.o
 .riscv.attributes
                0x0000000000000364       0x1a tests/RV32I/sra.o
 .riscv.attributes
                0x000000000000037e       0x1a tests/RV32I/and.o
 .riscv.attributes
                0x0000000000000398       0x1a tests/RV32I/ori.o
 .riscv.attributes
                0x00000000000003b2       0x1a tests/RV32I/jal.o
 .riscv.attributes
                0x00000000000003cc       0x1a tests/RV32I/add.o
 .riscv.attributes
                0x00000000000003e6       0x1a tests/RV32I/sb.o
 .riscv.attributes
                0x0000000000000400       0x1a tests/RV32I/andi.o
 .riscv.attributes
                0x000000000000041a       0x1a tests/RV32I/j.o
 .riscv.attributes
                0x0000000000000434       0x1a tests/RV32I/bge.o
 .riscv.attributes
                0x000000000000044e       0x1a tests/RV32I/blt.o
